min() arg is an empty sequence
min() arg is an empty sequence
min() arg is an empty sequence
min() arg is an empty sequence
min() arg is an empty sequence
Execution failed on sql 'SELECT * FROM sentiment WHERE tweet LIKE ? ORDER BY unix DESC LIMIT 200': no such table: sentiment
Execution failed on sql 'SELECT * FROM sentiment WHERE tweet LIKE ? ORDER BY unix DESC LIMIT 200': no such table: sentiment
Execution failed on sql 'SELECT * FROM sentiment WHERE tweet LIKE ? ORDER BY unix DESC LIMIT 200': no such table: sentiment
Execution failed on sql 'SELECT * FROM sentiment WHERE tweet LIKE ? ORDER BY unix DESC LIMIT 200': no such table: sentiment
Execution failed on sql 'SELECT * FROM sentiment WHERE tweet LIKE ? ORDER BY unix DESC LIMIT 200': no such table: sentiment
Execution failed on sql 'SELECT * FROM sentiment WHERE tweet LIKE ? ORDER BY unix DESC LIMIT 200': no such table: sentiment
Execution failed on sql 'SELECT * FROM sentiment WHERE tweet LIKE ? ORDER BY unix DESC LIMIT 200': no such table: sentiment
Execution failed on sql 'SELECT * FROM sentiment WHERE tweet LIKE ? ORDER BY unix DESC LIMIT 200': no such table: sentiment
Execution failed on sql 'SELECT * FROM sentiment WHERE tweet LIKE ? ORDER BY unix DESC LIMIT 200': no such table: sentiment
Execution failed on sql 'SELECT * FROM sentiment WHERE tweet LIKE ? ORDER BY unix DESC LIMIT 200': no such table: sentiment
Execution failed on sql 'SELECT * FROM sentiment WHERE tweet LIKE ? ORDER BY unix DESC LIMIT 200': no such table: sentiment
Execution failed on sql 'SELECT * FROM sentiment WHERE tweet LIKE ? ORDER BY unix DESC LIMIT 200': no such table: sentiment
Execution failed on sql 'SELECT * FROM sentiment WHERE tweet LIKE ? ORDER BY unix DESC LIMIT 200': no such table: sentiment
min() arg is an empty sequence
min() arg is an empty sequence
min() arg is an empty sequence
min() arg is an empty sequence
min() arg is an empty sequence
min() arg is an empty sequence
min() arg is an empty sequence
min() arg is an empty sequence
min() arg is an empty sequence
min() arg is an empty sequence
min() arg is an empty sequence
min() arg is an empty sequence
min() arg is an empty sequence
min() arg is an empty sequence
min() arg is an empty sequence
min() arg is an empty sequence
min() arg is an empty sequence
min() arg is an empty sequence
min() arg is an empty sequence
min() arg is an empty sequence
can only concatenate str (not "int") to str
can only concatenate str (not "int") to str
can only concatenate str (not "int") to str
can only concatenate str (not "int") to str
can only concatenate str (not "int") to str
can only concatenate str (not "int") to str
can only concatenate str (not "int") to str
can only concatenate str (not "int") to str
can only concatenate str (not "int") to str
can only concatenate str (not "int") to str
can only concatenate str (not "int") to str
can only concatenate str (not "int") to str
can only concatenate str (not "int") to str
can only concatenate str (not "int") to str
can only concatenate str (not "int") to str
can only concatenate str (not "int") to str
can only concatenate str (not "int") to str
can only concatenate str (not "int") to str
can only concatenate str (not "int") to str
can only concatenate str (not "int") to str
min() arg is an empty sequence
min() arg is an empty sequence
min() arg is an empty sequence
min() arg is an empty sequence
min() arg is an empty sequence
min() arg is an empty sequence
min() arg is an empty sequence
min() arg is an empty sequence
min() arg is an empty sequence
min() arg is an empty sequence
min() arg is an empty sequence
min() arg is an empty sequence
min() arg is an empty sequence
min() arg is an empty sequence
min() arg is an empty sequence
min() arg is an empty sequence
min() arg is an empty sequence
min() arg is an empty sequence
min() arg is an empty sequence
min() arg is an empty sequence
min() arg is an empty sequence
min() arg is an empty sequence
min() arg is an empty sequence
min() arg is an empty sequence
min() arg is an empty sequence
min() arg is an empty sequence
min() arg is an empty sequence
min() arg is an empty sequence
min() arg is an empty sequence
min() arg is an empty sequence
min() arg is an empty sequence
min() arg is an empty sequence
min() arg is an empty sequence
min() arg is an empty sequence
min() arg is an empty sequence
min() arg is an empty sequence
min() arg is an empty sequence
min() arg is an empty sequence
min() arg is an empty sequence
min() arg is an empty sequence
min() arg is an empty sequence
min() arg is an empty sequence
min() arg is an empty sequence
min() arg is an empty sequence
min() arg is an empty sequence
min() arg is an empty sequence
min() arg is an empty sequence
min() arg is an empty sequence
min() arg is an empty sequence
min() arg is an empty sequence
min() arg is an empty sequence
min() arg is an empty sequence
min() arg is an empty sequence
min() arg is an empty sequence
min() arg is an empty sequence
min() arg is an empty sequence
min() arg is an empty sequence
min() arg is an empty sequence
min() arg is an empty sequence
min() arg is an empty sequence
min() arg is an empty sequence
min() arg is an empty sequence
min() arg is an empty sequence
min() arg is an empty sequence
min() arg is an empty sequence
min() arg is an empty sequence
min() arg is an empty sequence
min() arg is an empty sequence
min() arg is an empty sequence
min() arg is an empty sequence
min() arg is an empty sequence
min() arg is an empty sequence
min() arg is an empty sequence
min() arg is an empty sequence
min() arg is an empty sequence
min() arg is an empty sequence
min() arg is an empty sequence
min() arg is an empty sequence
min() arg is an empty sequence
min() arg is an empty sequence
min() arg is an empty sequence
min() arg is an empty sequence
min() arg is an empty sequence
min() arg is an empty sequence
min() arg is an empty sequence
min() arg is an empty sequence
min() arg is an empty sequence
min() arg is an empty sequence
min() arg is an empty sequence
min() arg is an empty sequence
min() arg is an empty sequence
min() arg is an empty sequence
min() arg is an empty sequence
min() arg is an empty sequence
min() arg is an empty sequence
min() arg is an empty sequence
min() arg is an empty sequence
min() arg is an empty sequence
min() arg is an empty sequence
min() arg is an empty sequence
min() arg is an empty sequence
min() arg is an empty sequence
min() arg is an empty sequence
min() arg is an empty sequence
min() arg is an empty sequence
min() arg is an empty sequence
min() arg is an empty sequence
min() arg is an empty sequence
min() arg is an empty sequence
min() arg is an empty sequence
min() arg is an empty sequence
min() arg is an empty sequence
min() arg is an empty sequence
min() arg is an empty sequence
min() arg is an empty sequence
min() arg is an empty sequence
min() arg is an empty sequence
min() arg is an empty sequence
min() arg is an empty sequence
min() arg is an empty sequence
min() arg is an empty sequence
min() arg is an empty sequence
min() arg is an empty sequence
min() arg is an empty sequence
min() arg is an empty sequence
min() arg is an empty sequence
min() arg is an empty sequence
min() arg is an empty sequence
min() arg is an empty sequence
min() arg is an empty sequence
min() arg is an empty sequence
min() arg is an empty sequence
min() arg is an empty sequence
min() arg is an empty sequence
min() arg is an empty sequence
min() arg is an empty sequence
min() arg is an empty sequence
min() arg is an empty sequence
min() arg is an empty sequence
min() arg is an empty sequence
min() arg is an empty sequence
min() arg is an empty sequence
min() arg is an empty sequence
min() arg is an empty sequence
min() arg is an empty sequence
min() arg is an empty sequence
min() arg is an empty sequence
min() arg is an empty sequence
min() arg is an empty sequence
min() arg is an empty sequence
min() arg is an empty sequence
min() arg is an empty sequence
min() arg is an empty sequence
min() arg is an empty sequence
min() arg is an empty sequence
min() arg is an empty sequence
min() arg is an empty sequence
min() arg is an empty sequence
min() arg is an empty sequence
min() arg is an empty sequence
min() arg is an empty sequence
min() arg is an empty sequence
min() arg is an empty sequence
min() arg is an empty sequence
min() arg is an empty sequence
min() arg is an empty sequence
min() arg is an empty sequence
min() arg is an empty sequence
min() arg is an empty sequence
min() arg is an empty sequence
min() arg is an empty sequence
min() arg is an empty sequence
min() arg is an empty sequence
min() arg is an empty sequence
min() arg is an empty sequence
min() arg is an empty sequence
min() arg is an empty sequence
min() arg is an empty sequence
min() arg is an empty sequence
min() arg is an empty sequence
min() arg is an empty sequence
min() arg is an empty sequence
min() arg is an empty sequence
min() arg is an empty sequence
min() arg is an empty sequence
min() arg is an empty sequence
min() arg is an empty sequence
min() arg is an empty sequence
min() arg is an empty sequence
min() arg is an empty sequence
min() arg is an empty sequence
min() arg is an empty sequence
min() arg is an empty sequence
min() arg is an empty sequence
min() arg is an empty sequence
min() arg is an empty sequence
min() arg is an empty sequence
min() arg is an empty sequence
min() arg is an empty sequence
min() arg is an empty sequence
min() arg is an empty sequence
min() arg is an empty sequence
min() arg is an empty sequence
min() arg is an empty sequence
min() arg is an empty sequence
min() arg is an empty sequence
min() arg is an empty sequence
min() arg is an empty sequence
min() arg is an empty sequence
min() arg is an empty sequence
min() arg is an empty sequence
min() arg is an empty sequence
min() arg is an empty sequence
min() arg is an empty sequence
min() arg is an empty sequence
min() arg is an empty sequence
min() arg is an empty sequence
min() arg is an empty sequence
min() arg is an empty sequence
min() arg is an empty sequence
min() arg is an empty sequence
min() arg is an empty sequence
min() arg is an empty sequence
min() arg is an empty sequence
min() arg is an empty sequence
min() arg is an empty sequence
min() arg is an empty sequence
min() arg is an empty sequence
min() arg is an empty sequence
min() arg is an empty sequence
min() arg is an empty sequence
min() arg is an empty sequence
min() arg is an empty sequence
min() arg is an empty sequence
min() arg is an empty sequence
min() arg is an empty sequence
min() arg is an empty sequence
min() arg is an empty sequence
min() arg is an empty sequence
min() arg is an empty sequence
min() arg is an empty sequence
min() arg is an empty sequence
min() arg is an empty sequence
min() arg is an empty sequence
min() arg is an empty sequence
min() arg is an empty sequence
min() arg is an empty sequence
min() arg is an empty sequence
min() arg is an empty sequence
min() arg is an empty sequence
min() arg is an empty sequence
min() arg is an empty sequence
min() arg is an empty sequence
min() arg is an empty sequence
min() arg is an empty sequence
min() arg is an empty sequence
min() arg is an empty sequence
min() arg is an empty sequence
min() arg is an empty sequence
min() arg is an empty sequence
min() arg is an empty sequence
min() arg is an empty sequence
min() arg is an empty sequence
min() arg is an empty sequence
min() arg is an empty sequence
min() arg is an empty sequence
min() arg is an empty sequence
min() arg is an empty sequence
min() arg is an empty sequence
min() arg is an empty sequence
min() arg is an empty sequence
can only concatenate str (not "int") to str
can only concatenate str (not "int") to str
can only concatenate str (not "int") to str
can only concatenate str (not "int") to str
can only concatenate str (not "int") to str
can only concatenate str (not "int") to str
can only concatenate str (not "int") to str
can only concatenate str (not "int") to str
can only concatenate str (not "int") to str
can only concatenate str (not "int") to str
can only concatenate str (not "int") to str
can only concatenate str (not "int") to str
can only concatenate str (not "int") to str
can only concatenate str (not "int") to str
can only concatenate str (not "int") to str
can only concatenate str (not "int") to str
can only concatenate str (not "int") to str
can only concatenate str (not "int") to str
can only concatenate str (not "int") to str
can only concatenate str (not "int") to str
can only concatenate str (not "int") to str
can only concatenate str (not "int") to str
can only concatenate str (not "int") to str
can only concatenate str (not "int") to str
can only concatenate str (not "int") to str
can only concatenate str (not "int") to str
can only concatenate str (not "int") to str
can only concatenate str (not "int") to str
can only concatenate str (not "int") to str
can only concatenate str (not "int") to str
can only concatenate str (not "int") to str
can only concatenate str (not "int") to str
can only concatenate str (not "int") to str
can only concatenate str (not "int") to str
can only concatenate str (not "int") to str
can only concatenate str (not "int") to str
can only concatenate str (not "int") to str
can only concatenate str (not "int") to str
can only concatenate str (not "int") to str
can only concatenate str (not "int") to str
can only concatenate str (not "int") to str
can only concatenate str (not "int") to str
can only concatenate str (not "int") to str
can only concatenate str (not "int") to str
can only concatenate str (not "int") to str
can only concatenate str (not "int") to str
can only concatenate str (not "int") to str
can only concatenate str (not "int") to str
can only concatenate str (not "int") to str
can only concatenate str (not "int") to str
can only concatenate str (not "int") to str
can only concatenate str (not "int") to str
can only concatenate str (not "int") to str
can only concatenate str (not "int") to str
can only concatenate str (not "int") to str
can only concatenate str (not "int") to str
can only concatenate str (not "int") to str
can only concatenate str (not "int") to str
can only concatenate str (not "int") to str
can only concatenate str (not "int") to str
can only concatenate str (not "int") to str
can only concatenate str (not "int") to str
can only concatenate str (not "int") to str
can only concatenate str (not "int") to str
name 'sentiment_term' is not defined
name 'sentiment_term' is not defined
name 'sentiment_term' is not defined
name 'sentiment_term' is not defined
name 'sentiment_term' is not defined
name 'sentiment_term' is not defined
name 'sentiment_term' is not defined
name 'sentiment_term' is not defined
name 'sentiment_term' is not defined
name 'sentiment_term' is not defined
name 'sentiment_term' is not defined
name 'sentiment_term' is not defined
name 'sentiment_term' is not defined
name 'sentiment_term' is not defined
name 'sentiment_term' is not defined
name 'sentiment_term' is not defined
name 'sentiment_term' is not defined
name 'sentiment_term' is not defined
name 'sentiment_term' is not defined
name 'sentiment_term' is not defined
name 'sentiment_term' is not defined
name 'sentiment_term' is not defined
name 'sentiment_term' is not defined
name 'sentiment_term' is not defined
name 'sentiment_term' is not defined
name 'sentiment_term' is not defined
name 'sentiment_term' is not defined
name 'sentiment_term' is not defined
name 'sentiment_term' is not defined
name 'sentiment_term' is not defined
name 'sentiment_term' is not defined
name 'sentiment_term' is not defined
name 'sentiment_term' is not defined
name 'sentiment_term' is not defined
name 'sentiment_term' is not defined
name 'sentiment_term' is not defined
name 'sentiment_term' is not defined
name 'sentiment_term' is not defined
name 'sentiment_term' is not defined
name 'sentiment_term' is not defined
name 'sentiment_term' is not defined
name 'sentiment_term' is not defined
name 'sentiment_term' is not defined
name 'sentiment_term' is not defined
name 'sentiment_term' is not defined
name 'sentiment_term' is not defined
name 'sentiment_term' is not defined
name 'sentiment_term' is not defined
name 'sentiment_term' is not defined
Execution failed on sql 'SELECT * FROM sentiment WHERE tweet LIKE %olympic% ORDER BY unix DESC LIMIT 200': near "%": syntax error
Execution failed on sql 'SELECT * FROM sentiment WHERE tweet LIKE %olympic% ORDER BY unix DESC LIMIT 200': near "%": syntax error
Execution failed on sql 'SELECT * FROM sentiment WHERE tweet LIKE %olympic% ORDER BY unix DESC LIMIT 200': near "%": syntax error
Execution failed on sql 'SELECT * FROM sentiment WHERE tweet LIKE %olympic% ORDER BY unix DESC LIMIT 200': near "%": syntax error
Execution failed on sql 'SELECT * FROM sentiment WHERE tweet LIKE %olympic% ORDER BY unix DESC LIMIT 200': near "%": syntax error
Execution failed on sql 'SELECT * FROM sentiment WHERE tweet LIKE %olympic% ORDER BY unix DESC LIMIT 200': near "%": syntax error
Execution failed on sql 'SELECT * FROM sentiment WHERE tweet LIKE %olympic% ORDER BY unix DESC LIMIT 200': near "%": syntax error
Execution failed on sql 'SELECT * FROM sentiment WHERE tweet LIKE %olympic% ORDER BY unix DESC LIMIT 200': near "%": syntax error
Execution failed on sql 'SELECT * FROM sentiment WHERE tweet LIKE %olympic% ORDER BY unix DESC LIMIT 200': near "%": syntax error
Execution failed on sql 'SELECT * FROM sentiment WHERE tweet LIKE %olympic% ORDER BY unix DESC LIMIT 200': near "%": syntax error
Execution failed on sql 'SELECT * FROM sentiment WHERE tweet LIKE %olympic% ORDER BY unix DESC LIMIT 200': near "%": syntax error
Execution failed on sql 'SELECT * FROM sentiment WHERE tweet LIKE %olympic% ORDER BY unix DESC LIMIT 200': near "%": syntax error
Execution failed on sql 'SELECT * FROM sentiment WHERE tweet LIKE %olympic% ORDER BY unix DESC LIMIT 200': near "%": syntax error
Execution failed on sql 'SELECT * FROM sentiment WHERE tweet LIKE %olympic% ORDER BY unix DESC LIMIT 200': near "%": syntax error
Execution failed on sql 'SELECT * FROM sentiment WHERE tweet LIKE %olympic% ORDER BY unix DESC LIMIT 200': near "%": syntax error
Execution failed on sql 'SELECT * FROM sentiment WHERE tweet LIKE %olympic% ORDER BY unix DESC LIMIT 200': near "%": syntax error
Execution failed on sql 'SELECT * FROM sentiment WHERE tweet LIKE %olympic% ORDER BY unix DESC LIMIT 200': near "%": syntax error
Execution failed on sql 'SELECT * FROM sentiment WHERE tweet LIKE %olympic% ORDER BY unix DESC LIMIT 200': near "%": syntax error
Execution failed on sql 'SELECT * FROM sentiment WHERE tweet LIKE %olympic% ORDER BY unix DESC LIMIT 200': near "%": syntax error
Execution failed on sql 'SELECT * FROM sentiment WHERE tweet LIKE %olympic% ORDER BY unix DESC LIMIT 200': near "%": syntax error
Execution failed on sql 'SELECT * FROM sentiment WHERE tweet LIKE %olympic% ORDER BY unix DESC LIMIT 200': near "%": syntax error
Execution failed on sql 'SELECT * FROM sentiment WHERE tweet LIKE %olympic% ORDER BY unix DESC LIMIT 200': near "%": syntax error
Execution failed on sql 'SELECT * FROM sentiment WHERE tweet LIKE %olympic% ORDER BY unix DESC LIMIT 200': near "%": syntax error
Execution failed on sql 'SELECT * FROM sentiment WHERE tweet LIKE %olympic% ORDER BY unix DESC LIMIT 200': near "%": syntax error
Execution failed on sql 'SELECT * FROM sentiment WHERE tweet LIKE %olympic% ORDER BY unix DESC LIMIT 200': near "%": syntax error
Execution failed on sql 'SELECT * FROM sentiment WHERE tweet LIKE %olympic% ORDER BY unix DESC LIMIT 200': near "%": syntax error
Execution failed on sql 'SELECT * FROM sentiment WHERE tweet LIKE %olympic% ORDER BY unix DESC LIMIT 200': near "%": syntax error
Execution failed on sql 'SELECT * FROM sentiment WHERE tweet LIKE %olympic% ORDER BY unix DESC LIMIT 200': near "%": syntax error
Execution failed on sql 'SELECT * FROM sentiment WHERE tweet LIKE %olympic% ORDER BY unix DESC LIMIT 200': near "%": syntax error
Execution failed on sql 'SELECT * FROM sentiment WHERE tweet LIKE %olympic% ORDER BY unix DESC LIMIT 200': near "%": syntax error
Execution failed on sql 'SELECT * FROM sentiment WHERE tweet LIKE %olympic% ORDER BY unix DESC LIMIT 200': near "%": syntax error
Execution failed on sql 'SELECT * FROM sentiment WHERE tweet LIKE %olympic% ORDER BY unix DESC LIMIT 200': near "%": syntax error
Execution failed on sql 'SELECT * FROM sentiment WHERE tweet LIKE %olympic% ORDER BY unix DESC LIMIT 200': near "%": syntax error
Execution failed on sql 'SELECT * FROM sentiment WHERE tweet LIKE %olympic% ORDER BY unix DESC LIMIT 200': near "%": syntax error
Execution failed on sql 'SELECT * FROM sentiment WHERE tweet LIKE %olympic% ORDER BY unix DESC LIMIT 200': near "%": syntax error
Execution failed on sql 'SELECT * FROM sentiment WHERE tweet LIKE %olympic% ORDER BY unix DESC LIMIT 200': near "%": syntax error
Execution failed on sql 'SELECT * FROM sentiment WHERE tweet LIKE %olympic% ORDER BY unix DESC LIMIT 200': near "%": syntax error
Execution failed on sql 'SELECT * FROM sentiment WHERE tweet LIKE %olympic% ORDER BY unix DESC LIMIT 200': near "%": syntax error
Execution failed on sql 'SELECT * FROM sentiment WHERE tweet LIKE %olympic% ORDER BY unix DESC LIMIT 200': near "%": syntax error
Execution failed on sql 'SELECT * FROM sentiment WHERE tweet LIKE %olympic% ORDER BY unix DESC LIMIT 200': near "%": syntax error
Execution failed on sql 'SELECT * FROM sentiment WHERE tweet LIKE %olympic% ORDER BY unix DESC LIMIT 200': near "%": syntax error
Execution failed on sql 'SELECT * FROM sentiment WHERE tweet LIKE %olympic% ORDER BY unix DESC LIMIT 200': near "%": syntax error
Execution failed on sql 'SELECT * FROM sentiment WHERE tweet LIKE %olympic% ORDER BY unix DESC LIMIT 200': near "%": syntax error
Execution failed on sql 'SELECT * FROM sentiment WHERE tweet LIKE %olympic% ORDER BY unix DESC LIMIT 200': near "%": syntax error
Execution failed on sql 'SELECT * FROM sentiment WHERE tweet LIKE %olympic% ORDER BY unix DESC LIMIT 200': near "%": syntax error
Execution failed on sql 'SELECT * FROM sentiment WHERE tweet LIKE %olympic% ORDER BY unix DESC LIMIT 200': near "%": syntax error
Execution failed on sql 'SELECT * FROM sentiment WHERE tweet LIKE %olympic% ORDER BY unix DESC LIMIT 200': near "%": syntax error
Execution failed on sql 'SELECT * FROM sentiment WHERE tweet LIKE %olympic% ORDER BY unix DESC LIMIT 200': near "%": syntax error
Execution failed on sql 'SELECT * FROM sentiment WHERE tweet LIKE %olympic% ORDER BY unix DESC LIMIT 200': near "%": syntax error
Execution failed on sql 'SELECT * FROM sentiment WHERE tweet LIKE %olympic% ORDER BY unix DESC LIMIT 200': near "%": syntax error
Execution failed on sql 'SELECT * FROM sentiment WHERE tweet LIKE %olympic% ORDER BY unix DESC LIMIT 200': near "%": syntax error
Execution failed on sql 'SELECT * FROM sentiment WHERE tweet LIKE %olympic% ORDER BY unix DESC LIMIT 200': near "%": syntax error
Execution failed on sql 'SELECT * FROM sentiment WHERE tweet LIKE %olympic% ORDER BY unix DESC LIMIT 200': near "%": syntax error
Execution failed on sql 'SELECT * FROM sentiment WHERE tweet LIKE %olympic% ORDER BY unix DESC LIMIT 200': near "%": syntax error
Execution failed on sql 'SELECT * FROM sentiment WHERE tweet LIKE %olympic% ORDER BY unix DESC LIMIT 200': near "%": syntax error
Execution failed on sql 'SELECT * FROM sentiment WHERE tweet LIKE %olympic% ORDER BY unix DESC LIMIT 200': near "%": syntax error
Execution failed on sql 'SELECT * FROM sentiment WHERE tweet LIKE %olympic% ORDER BY unix DESC LIMIT 200': near "%": syntax error
Execution failed on sql 'SELECT * FROM sentiment WHERE tweet LIKE %olympic% ORDER BY unix DESC LIMIT 200': near "%": syntax error
Execution failed on sql 'SELECT * FROM sentiment WHERE tweet LIKE %olympic% ORDER BY unix DESC LIMIT 200': near "%": syntax error
Execution failed on sql 'SELECT * FROM sentiment WHERE tweet LIKE %olympic% ORDER BY unix DESC LIMIT 200': near "%": syntax error
Execution failed on sql 'SELECT * FROM sentiment WHERE tweet LIKE %olympic% ORDER BY unix DESC LIMIT 200': near "%": syntax error
Execution failed on sql 'SELECT * FROM sentiment WHERE tweet LIKE %olympic% ORDER BY unix DESC LIMIT 200': near "%": syntax error
Execution failed on sql 'SELECT * FROM sentiment WHERE tweet LIKE %olympic% ORDER BY unix DESC LIMIT 200': near "%": syntax error
Execution failed on sql 'SELECT * FROM sentiment WHERE tweet LIKE %olympic% ORDER BY unix DESC LIMIT 200': near "%": syntax error
Execution failed on sql 'SELECT * FROM sentiment WHERE tweet LIKE %olympic% ORDER BY unix DESC LIMIT 200': near "%": syntax error
Execution failed on sql 'SELECT * FROM sentiment WHERE tweet LIKE %olympic% ORDER BY unix DESC LIMIT 200': near "%": syntax error
Execution failed on sql 'SELECT * FROM sentiment WHERE tweet LIKE %olympic% ORDER BY unix DESC LIMIT 200': near "%": syntax error
Execution failed on sql 'SELECT * FROM sentiment WHERE tweet LIKE %olympic% ORDER BY unix DESC LIMIT 200': near "%": syntax error
Execution failed on sql 'SELECT * FROM sentiment WHERE tweet LIKE %olympic% ORDER BY unix DESC LIMIT 200': near "%": syntax error
Execution failed on sql 'SELECT * FROM sentiment WHERE tweet LIKE %olympic% ORDER BY unix DESC LIMIT 200': near "%": syntax error
Execution failed on sql 'SELECT * FROM sentiment WHERE tweet LIKE %olympic% ORDER BY unix DESC LIMIT 200': near "%": syntax error
Execution failed on sql 'SELECT * FROM sentiment WHERE tweet LIKE %olympic% ORDER BY unix DESC LIMIT 200': near "%": syntax error
Execution failed on sql 'SELECT * FROM sentiment WHERE tweet LIKE %olympic% ORDER BY unix DESC LIMIT 200': near "%": syntax error
Execution failed on sql 'SELECT * FROM sentiment WHERE tweet LIKE %olympic% ORDER BY unix DESC LIMIT 200': near "%": syntax error
Execution failed on sql 'SELECT * FROM sentiment WHERE tweet LIKE %olympic% ORDER BY unix DESC LIMIT 200': near "%": syntax error
Execution failed on sql 'SELECT * FROM sentiment WHERE tweet LIKE %olympic% ORDER BY unix DESC LIMIT 200': near "%": syntax error
Execution failed on sql 'SELECT * FROM sentiment WHERE tweet LIKE %olympic% ORDER BY unix DESC LIMIT 200': near "%": syntax error
Execution failed on sql 'SELECT * FROM sentiment WHERE tweet LIKE %olympic% ORDER BY unix DESC LIMIT 200': near "%": syntax error
Execution failed on sql 'SELECT * FROM sentiment WHERE tweet LIKE %olympic% ORDER BY unix DESC LIMIT 200': near "%": syntax error
Execution failed on sql 'SELECT * FROM sentiment WHERE tweet LIKE %olympic% ORDER BY unix DESC LIMIT 200': near "%": syntax error
Execution failed on sql 'SELECT * FROM sentiment WHERE tweet LIKE %olympic% ORDER BY unix DESC LIMIT 200': near "%": syntax error
Execution failed on sql 'SELECT * FROM sentiment WHERE tweet LIKE %olympic% ORDER BY unix DESC LIMIT 200': near "%": syntax error
Execution failed on sql 'SELECT * FROM sentiment WHERE tweet LIKE %olympic% ORDER BY unix DESC LIMIT 200': near "%": syntax error
Execution failed on sql 'SELECT * FROM sentiment WHERE tweet LIKE %olympic% ORDER BY unix DESC LIMIT 200': near "%": syntax error
Execution failed on sql 'SELECT * FROM sentiment WHERE tweet LIKE %olympic% ORDER BY unix DESC LIMIT 200': near "%": syntax error
Execution failed on sql 'SELECT * FROM sentiment WHERE tweet LIKE %olympic% ORDER BY unix DESC LIMIT 200': near "%": syntax error
Execution failed on sql 'SELECT * FROM sentiment WHERE tweet LIKE %olympic% ORDER BY unix DESC LIMIT 200': near "%": syntax error
Execution failed on sql 'SELECT * FROM sentiment WHERE tweet LIKE %olympic% ORDER BY unix DESC LIMIT 200': near "%": syntax error
Execution failed on sql 'SELECT * FROM sentiment WHERE tweet LIKE %olympic% ORDER BY unix DESC LIMIT 200': near "%": syntax error
Execution failed on sql 'SELECT * FROM sentiment WHERE tweet LIKE %olympic% ORDER BY unix DESC LIMIT 200': near "%": syntax error
Execution failed on sql 'SELECT * FROM sentiment WHERE tweet LIKE %olympic% ORDER BY unix DESC LIMIT 200': near "%": syntax error
Execution failed on sql 'SELECT * FROM sentiment WHERE tweet LIKE %olympic% ORDER BY unix DESC LIMIT 200': near "%": syntax error
Execution failed on sql 'SELECT * FROM sentiment WHERE tweet LIKE %olympic% ORDER BY unix DESC LIMIT 200': near "%": syntax error
Execution failed on sql 'SELECT * FROM sentiment WHERE tweet LIKE %olympic% ORDER BY unix DESC LIMIT 200': near "%": syntax error
Execution failed on sql 'SELECT * FROM sentiment WHERE tweet LIKE %olympic% ORDER BY unix DESC LIMIT 200': near "%": syntax error
Execution failed on sql 'SELECT * FROM sentiment WHERE tweet LIKE %olympic% ORDER BY unix DESC LIMIT 200': near "%": syntax error
Execution failed on sql 'SELECT * FROM sentiment WHERE tweet LIKE %olympic% ORDER BY unix DESC LIMIT 200': near "%": syntax error
Execution failed on sql 'SELECT * FROM sentiment WHERE tweet LIKE %olympic% ORDER BY unix DESC LIMIT 200': near "%": syntax error
Execution failed on sql 'SELECT * FROM sentiment WHERE tweet LIKE %olympic% ORDER BY unix DESC LIMIT 200': near "%": syntax error
Execution failed on sql 'SELECT * FROM sentiment WHERE tweet LIKE %olympic% ORDER BY unix DESC LIMIT 200': near "%": syntax error
Execution failed on sql 'SELECT * FROM sentiment WHERE tweet LIKE %olympic% ORDER BY unix DESC LIMIT 200': near "%": syntax error
Execution failed on sql 'SELECT * FROM sentiment WHERE tweet LIKE %olympic% ORDER BY unix DESC LIMIT 200': near "%": syntax error
Execution failed on sql 'SELECT * FROM sentiment WHERE tweet LIKE %olympic% ORDER BY unix DESC LIMIT 200': near "%": syntax error
Execution failed on sql 'SELECT * FROM sentiment WHERE tweet LIKE %olympic% ORDER BY unix DESC LIMIT 200': near "%": syntax error
Execution failed on sql 'SELECT * FROM sentiment WHERE tweet LIKE %olympic% ORDER BY unix DESC LIMIT 200': near "%": syntax error
Execution failed on sql 'SELECT * FROM sentiment WHERE tweet LIKE %olympic% ORDER BY unix DESC LIMIT 200': near "%": syntax error
Execution failed on sql 'SELECT * FROM sentiment WHERE tweet LIKE %olympic% ORDER BY unix DESC LIMIT 200': near "%": syntax error
Execution failed on sql 'SELECT * FROM sentiment WHERE tweet LIKE %olympic% ORDER BY unix DESC LIMIT 200': near "%": syntax error
Execution failed on sql 'SELECT * FROM sentiment WHERE tweet LIKE %olympic% ORDER BY unix DESC LIMIT 200': near "%": syntax error
Execution failed on sql 'SELECT * FROM sentiment WHERE tweet LIKE %olympic% ORDER BY unix DESC LIMIT 200': near "%": syntax error
Execution failed on sql 'SELECT * FROM sentiment WHERE tweet LIKE %olympic% ORDER BY unix DESC LIMIT 200': near "%": syntax error
Execution failed on sql 'SELECT * FROM sentiment WHERE tweet LIKE %olympic% ORDER BY unix DESC LIMIT 200': near "%": syntax error
Execution failed on sql 'SELECT * FROM sentiment WHERE tweet LIKE %olympic% ORDER BY unix DESC LIMIT 200': near "%": syntax error
Execution failed on sql 'SELECT * FROM sentiment WHERE tweet LIKE %olympic% ORDER BY unix DESC LIMIT 200': near "%": syntax error
Execution failed on sql 'SELECT * FROM sentiment WHERE tweet LIKE %olympic% ORDER BY unix DESC LIMIT 200': near "%": syntax error
Execution failed on sql 'SELECT * FROM sentiment WHERE tweet LIKE %olympic% ORDER BY unix DESC LIMIT 200': near "%": syntax error
Execution failed on sql 'SELECT * FROM sentiment WHERE tweet LIKE %olympic% ORDER BY unix DESC LIMIT 200': near "%": syntax error
Execution failed on sql 'SELECT * FROM sentiment WHERE tweet LIKE %olympic% ORDER BY unix DESC LIMIT 200': near "%": syntax error
Execution failed on sql 'SELECT * FROM sentiment WHERE tweet LIKE %olympic% ORDER BY unix DESC LIMIT 200': near "%": syntax error
Execution failed on sql 'SELECT * FROM sentiment WHERE tweet LIKE %olympic% ORDER BY unix DESC LIMIT 200': near "%": syntax error
Execution failed on sql 'SELECT * FROM sentiment WHERE tweet LIKE %olympic% ORDER BY unix DESC LIMIT 200': near "%": syntax error
Execution failed on sql 'SELECT * FROM sentiment WHERE tweet LIKE %olympic% ORDER BY unix DESC LIMIT 200': near "%": syntax error
Execution failed on sql 'SELECT * FROM sentiment WHERE tweet LIKE %olympic% ORDER BY unix DESC LIMIT 200': near "%": syntax error
Execution failed on sql 'SELECT * FROM sentiment WHERE tweet LIKE %olympic% ORDER BY unix DESC LIMIT 200': near "%": syntax error
Execution failed on sql 'SELECT * FROM sentiment WHERE tweet LIKE %olympic% ORDER BY unix DESC LIMIT 200': near "%": syntax error
Execution failed on sql 'SELECT * FROM sentiment WHERE tweet LIKE %olympic% ORDER BY unix DESC LIMIT 200': near "%": syntax error
Execution failed on sql 'SELECT * FROM sentiment WHERE tweet LIKE %olympic% ORDER BY unix DESC LIMIT 200': near "%": syntax error
Execution failed on sql 'SELECT * FROM sentiment WHERE tweet LIKE %olympic% ORDER BY unix DESC LIMIT 200': near "%": syntax error
Execution failed on sql 'SELECT * FROM sentiment WHERE tweet LIKE %olympic% ORDER BY unix DESC LIMIT 200': near "%": syntax error
Execution failed on sql 'SELECT * FROM sentiment WHERE tweet LIKE %olympic% ORDER BY unix DESC LIMIT 200': near "%": syntax error
Execution failed on sql 'SELECT * FROM sentiment WHERE tweet LIKE %olympic% ORDER BY unix DESC LIMIT 200': near "%": syntax error
Execution failed on sql 'SELECT * FROM sentiment WHERE tweet LIKE %olympic% ORDER BY unix DESC LIMIT 200': near "%": syntax error
Execution failed on sql 'SELECT * FROM sentiment WHERE tweet LIKE %olympic% ORDER BY unix DESC LIMIT 200': near "%": syntax error
Execution failed on sql 'SELECT * FROM sentiment WHERE tweet LIKE %olympic% ORDER BY unix DESC LIMIT 200': near "%": syntax error
Execution failed on sql 'SELECT * FROM sentiment WHERE tweet LIKE %olympic% ORDER BY unix DESC LIMIT 200': near "%": syntax error
Execution failed on sql 'SELECT * FROM sentiment WHERE tweet LIKE %olympic% ORDER BY unix DESC LIMIT 200': near "%": syntax error
Execution failed on sql 'SELECT * FROM sentiment WHERE tweet LIKE %olympic% ORDER BY unix DESC LIMIT 200': near "%": syntax error
Execution failed on sql 'SELECT * FROM sentiment WHERE tweet LIKE %olympic% ORDER BY unix DESC LIMIT 200': near "%": syntax error
Execution failed on sql 'SELECT * FROM sentiment WHERE tweet LIKE %olympic% ORDER BY unix DESC LIMIT 200': near "%": syntax error
Execution failed on sql 'SELECT * FROM sentiment WHERE tweet LIKE %olympic% ORDER BY unix DESC LIMIT 200': near "%": syntax error
Execution failed on sql 'SELECT * FROM sentiment WHERE tweet LIKE %olympic% ORDER BY unix DESC LIMIT 200': near "%": syntax error
Execution failed on sql 'SELECT * FROM sentiment WHERE tweet LIKE %olympic% ORDER BY unix DESC LIMIT 200': near "%": syntax error
Execution failed on sql 'SELECT * FROM sentiment WHERE tweet LIKE %olympic% ORDER BY unix DESC LIMIT 200': near "%": syntax error
Execution failed on sql 'SELECT * FROM sentiment WHERE tweet LIKE %olympic% ORDER BY unix DESC LIMIT 200': near "%": syntax error
Execution failed on sql 'SELECT * FROM sentiment WHERE tweet LIKE %olympic% ORDER BY unix DESC LIMIT 200': near "%": syntax error
Execution failed on sql 'SELECT * FROM sentiment WHERE tweet LIKE %olympic% ORDER BY unix DESC LIMIT 200': near "%": syntax error
Execution failed on sql 'SELECT * FROM sentiment WHERE tweet LIKE %olympic% ORDER BY unix DESC LIMIT 200': near "%": syntax error
Execution failed on sql 'SELECT * FROM sentiment WHERE tweet LIKE %olympic% ORDER BY unix DESC LIMIT 200': near "%": syntax error
Execution failed on sql 'SELECT * FROM sentiment WHERE tweet LIKE %olympic% ORDER BY unix DESC LIMIT 200': near "%": syntax error
Execution failed on sql 'SELECT * FROM sentiment WHERE tweet LIKE %olympic% ORDER BY unix DESC LIMIT 1000': near "%": syntax error
Execution failed on sql 'SELECT * FROM sentiment WHERE tweet LIKE %olympic% ORDER BY unix DESC LIMIT 1000': near "%": syntax error
Execution failed on sql 'SELECT * FROM sentiment WHERE tweet LIKE %olympic% ORDER BY unix DESC LIMIT 1000': near "%": syntax error
Execution failed on sql 'SELECT * FROM sentiment WHERE tweet LIKE %olympic% ORDER BY unix DESC LIMIT 1000': near "%": syntax error
Execution failed on sql 'SELECT * FROM sentiment WHERE tweet LIKE %olympic% ORDER BY unix DESC LIMIT 1000': near "%": syntax error
Execution failed on sql 'SELECT * FROM sentiment WHERE tweet LIKE %olympic% ORDER BY unix DESC LIMIT 1000': near "%": syntax error
Execution failed on sql 'SELECT * FROM sentiment WHERE tweet LIKE %olympic% ORDER BY unix DESC LIMIT 1000': near "%": syntax error
Execution failed on sql 'SELECT * FROM sentiment WHERE tweet LIKE %olympic% ORDER BY unix DESC LIMIT 1000': near "%": syntax error
Execution failed on sql 'SELECT * FROM sentiment WHERE tweet LIKE %olympic% ORDER BY unix DESC LIMIT 1000': near "%": syntax error
Execution failed on sql 'SELECT * FROM sentiment WHERE tweet LIKE %olympic% ORDER BY unix DESC LIMIT 1000': near "%": syntax error
Execution failed on sql 'SELECT * FROM sentiment WHERE tweet LIKE %olympic% ORDER BY unix DESC LIMIT 1000': near "%": syntax error
Execution failed on sql 'SELECT * FROM sentiment WHERE tweet LIKE %olympic% ORDER BY unix DESC LIMIT 1000': near "%": syntax error
Execution failed on sql 'SELECT * FROM sentiment WHERE tweet LIKE %olympic% ORDER BY unix DESC LIMIT 1000': near "%": syntax error
Execution failed on sql 'SELECT * FROM sentiment WHERE tweet LIKE %olympic% ORDER BY unix DESC LIMIT 1000': near "%": syntax error
Execution failed on sql 'SELECT * FROM sentiment WHERE tweet LIKE %olympic% ORDER BY unix DESC LIMIT 1000': near "%": syntax error
Execution failed on sql 'SELECT * FROM sentiment WHERE tweet LIKE %olympic% ORDER BY unix DESC LIMIT 1000': near "%": syntax error
Execution failed on sql 'SELECT * FROM sentiment WHERE tweet LIKE %olympic% ORDER BY unix DESC LIMIT 1000': near "%": syntax error
Execution failed on sql 'SELECT * FROM sentiment WHERE tweet LIKE %olympic% ORDER BY unix DESC LIMIT 1000': near "%": syntax error
Execution failed on sql 'SELECT * FROM sentiment WHERE tweet LIKE %olympic% ORDER BY unix DESC LIMIT 1000': near "%": syntax error
Execution failed on sql 'SELECT * FROM sentiment WHERE tweet LIKE %olympic% ORDER BY unix DESC LIMIT 1000': near "%": syntax error
Execution failed on sql 'SELECT * FROM sentiment WHERE tweet LIKE %olympic% ORDER BY unix DESC LIMIT 1000': near "%": syntax error
Execution failed on sql 'SELECT * FROM sentiment WHERE tweet LIKE %olympic% ORDER BY unix DESC LIMIT 1000': near "%": syntax error
Execution failed on sql 'SELECT * FROM sentiment WHERE tweet LIKE %olympic% ORDER BY unix DESC LIMIT 1000': near "%": syntax error
Execution failed on sql 'SELECT * FROM sentiment WHERE tweet LIKE %olympic% ORDER BY unix DESC LIMIT 1000': near "%": syntax error
Execution failed on sql 'SELECT * FROM sentiment WHERE tweet LIKE %olympic% ORDER BY unix DESC LIMIT 1000': near "%": syntax error
Execution failed on sql 'SELECT * FROM sentiment WHERE tweet LIKE %olympic% ORDER BY unix DESC LIMIT 1000': near "%": syntax error
Execution failed on sql 'SELECT * FROM sentiment WHERE tweet LIKE %olympic% ORDER BY unix DESC LIMIT 1000': near "%": syntax error
Execution failed on sql 'SELECT * FROM sentiment WHERE tweet LIKE %olympic% ORDER BY unix DESC LIMIT 1000': near "%": syntax error
Execution failed on sql 'SELECT * FROM sentiment WHERE tweet LIKE %olympic% ORDER BY unix DESC LIMIT 1000': near "%": syntax error
Execution failed on sql 'SELECT * FROM sentiment WHERE tweet LIKE %olympic% ORDER BY unix DESC LIMIT 1000': near "%": syntax error
Execution failed on sql 'SELECT * FROM sentiment WHERE tweet LIKE %olympic% ORDER BY unix DESC LIMIT 1000': near "%": syntax error
Execution failed on sql 'SELECT * FROM sentiment WHERE tweet LIKE %olympic% ORDER BY unix DESC LIMIT 1000': near "%": syntax error
Execution failed on sql 'SELECT * FROM sentiment WHERE tweet LIKE %olympic% ORDER BY unix DESC LIMIT 1000': near "%": syntax error
Execution failed on sql 'SELECT * FROM sentiment WHERE tweet LIKE %olympic% ORDER BY unix DESC LIMIT 1000': near "%": syntax error
Execution failed on sql 'SELECT * FROM sentiment WHERE tweet LIKE %olympic% ORDER BY unix DESC LIMIT 1000': near "%": syntax error
Execution failed on sql 'SELECT * FROM sentiment WHERE tweet LIKE %olympic% ORDER BY unix DESC LIMIT 1000': near "%": syntax error
Execution failed on sql 'SELECT * FROM sentiment WHERE tweet LIKE %olympic% ORDER BY unix DESC LIMIT 1000': near "%": syntax error
Execution failed on sql 'SELECT * FROM sentiment WHERE tweet LIKE %olympic% ORDER BY unix DESC LIMIT 1000': near "%": syntax error
Execution failed on sql 'SELECT * FROM sentiment WHERE tweet LIKE %olympic% ORDER BY unix DESC LIMIT 1000': near "%": syntax error
Execution failed on sql 'SELECT * FROM sentiment WHERE tweet LIKE %olympic% ORDER BY unix DESC LIMIT 1000': near "%": syntax error
Execution failed on sql 'SELECT * FROM sentiment WHERE tweet LIKE %olympic% ORDER BY unix DESC LIMIT 1000': near "%": syntax error
Execution failed on sql 'SELECT * FROM sentiment WHERE tweet LIKE %olympic% ORDER BY unix DESC LIMIT 1000': near "%": syntax error
Execution failed on sql 'SELECT * FROM sentiment WHERE tweet LIKE %olympic% ORDER BY unix DESC LIMIT 1000': near "%": syntax error
Execution failed on sql 'SELECT * FROM sentiment WHERE tweet LIKE %olympic% ORDER BY unix DESC LIMIT 1000': near "%": syntax error
Execution failed on sql 'SELECT * FROM sentiment WHERE tweet LIKE %olympic% ORDER BY unix DESC LIMIT 1000': near "%": syntax error
Execution failed on sql 'SELECT * FROM sentiment WHERE tweet LIKE %olympic% ORDER BY unix DESC LIMIT 1000': near "%": syntax error
Execution failed on sql 'SELECT * FROM sentiment WHERE tweet LIKE %olympic% ORDER BY unix DESC LIMIT 1000': near "%": syntax error
Execution failed on sql 'SELECT * FROM sentiment WHERE tweet LIKE %olympic% ORDER BY unix DESC LIMIT 1000': near "%": syntax error
Execution failed on sql 'SELECT * FROM sentiment WHERE tweet LIKE %olympic% ORDER BY unix DESC LIMIT 1000': near "%": syntax error
Execution failed on sql 'SELECT * FROM sentiment WHERE tweet LIKE %olympic% ORDER BY unix DESC LIMIT 1000': near "%": syntax error
Execution failed on sql 'SELECT * FROM sentiment WHERE tweet LIKE %olympic% ORDER BY unix DESC LIMIT 1000': near "%": syntax error
Execution failed on sql 'SELECT * FROM sentiment WHERE tweet LIKE %olympic% ORDER BY unix DESC LIMIT 1000': near "%": syntax error
Execution failed on sql 'SELECT * FROM sentiment WHERE tweet LIKE %olympic% ORDER BY unix DESC LIMIT 1000': near "%": syntax error
Execution failed on sql 'SELECT * FROM sentiment WHERE tweet LIKE %olympic% ORDER BY unix DESC LIMIT 1000': near "%": syntax error
Execution failed on sql 'SELECT * FROM sentiment WHERE tweet LIKE %olympic% ORDER BY unix DESC LIMIT 1000': near "%": syntax error
Execution failed on sql 'SELECT * FROM sentiment WHERE tweet LIKE %olympic% ORDER BY unix DESC LIMIT 1000': near "%": syntax error
Execution failed on sql 'SELECT * FROM sentiment WHERE tweet LIKE %olympic% ORDER BY unix DESC LIMIT 1000': near "%": syntax error
Execution failed on sql 'SELECT * FROM sentiment WHERE tweet LIKE %olympic% ORDER BY unix DESC LIMIT 1000': near "%": syntax error
Execution failed on sql 'SELECT * FROM sentiment WHERE tweet LIKE %olympic% ORDER BY unix DESC LIMIT 1000': near "%": syntax error
Execution failed on sql 'SELECT * FROM sentiment WHERE tweet LIKE %olympic% ORDER BY unix DESC LIMIT 1000': near "%": syntax error
Execution failed on sql 'SELECT * FROM sentiment WHERE tweet LIKE %olympic% ORDER BY unix DESC LIMIT 1000': near "%": syntax error
Execution failed on sql 'SELECT * FROM sentiment WHERE tweet LIKE %olympic% ORDER BY unix DESC LIMIT 1000': near "%": syntax error
Execution failed on sql 'SELECT * FROM sentiment WHERE tweet LIKE %olympic% ORDER BY unix DESC LIMIT 1000': near "%": syntax error
Execution failed on sql 'SELECT * FROM sentiment WHERE tweet LIKE %olympic% ORDER BY unix DESC LIMIT 1000': near "%": syntax error
Execution failed on sql 'SELECT * FROM sentiment WHERE tweet LIKE %olympic% ORDER BY unix DESC LIMIT 1000': near "%": syntax error
Execution failed on sql 'SELECT * FROM sentiment WHERE tweet LIKE %olympic% ORDER BY unix DESC LIMIT 1000': near "%": syntax error
Execution failed on sql 'SELECT * FROM sentiment WHERE tweet LIKE %olympic% ORDER BY unix DESC LIMIT 1000': near "%": syntax error
Execution failed on sql 'SELECT * FROM sentiment WHERE tweet LIKE %olympic% ORDER BY unix DESC LIMIT 1000': near "%": syntax error
Execution failed on sql 'SELECT * FROM sentiment WHERE tweet LIKE %olympic% ORDER BY unix DESC LIMIT 1000': near "%": syntax error
Execution failed on sql 'SELECT * FROM sentiment WHERE tweet LIKE %olympic% ORDER BY unix DESC LIMIT 1000': near "%": syntax error
Execution failed on sql 'SELECT * FROM sentiment WHERE tweet LIKE %olympic% ORDER BY unix DESC LIMIT 1000': near "%": syntax error
Execution failed on sql 'SELECT * FROM sentiment WHERE tweet LIKE %olympic% ORDER BY unix DESC LIMIT 1000': near "%": syntax error
Execution failed on sql 'SELECT * FROM sentiment WHERE tweet LIKE %olympic% ORDER BY unix DESC LIMIT 1000': near "%": syntax error
Execution failed on sql 'SELECT * FROM sentiment WHERE tweet LIKE %olympic% ORDER BY unix DESC LIMIT 1000': near "%": syntax error
Execution failed on sql 'SELECT * FROM sentiment WHERE tweet LIKE %olympic% ORDER BY unix DESC LIMIT 1000': near "%": syntax error
Execution failed on sql 'SELECT * FROM sentiment WHERE tweet LIKE %olympic% ORDER BY unix DESC LIMIT 1000': near "%": syntax error
Execution failed on sql 'SELECT * FROM sentiment WHERE tweet LIKE %olympic% ORDER BY unix DESC LIMIT 1000': near "%": syntax error
Execution failed on sql 'SELECT * FROM sentiment WHERE tweet LIKE %olympic% ORDER BY unix DESC LIMIT 1000': near "%": syntax error
Execution failed on sql 'SELECT * FROM sentiment WHERE tweet LIKE %olympic% ORDER BY unix DESC LIMIT 1000': near "%": syntax error
Execution failed on sql 'SELECT * FROM sentiment WHERE tweet LIKE %olympic% ORDER BY unix DESC LIMIT 1000': near "%": syntax error
Execution failed on sql 'SELECT * FROM sentiment WHERE tweet LIKE %olympic% ORDER BY unix DESC LIMIT 1000': near "%": syntax error
Execution failed on sql 'SELECT * FROM sentiment WHERE tweet LIKE %olympic% ORDER BY unix DESC LIMIT 1000': near "%": syntax error
Execution failed on sql 'SELECT * FROM sentiment WHERE tweet LIKE %olympic% ORDER BY unix DESC LIMIT 1000': near "%": syntax error
Execution failed on sql 'SELECT * FROM sentiment WHERE tweet LIKE %olympic% ORDER BY unix DESC LIMIT 1000': near "%": syntax error
Execution failed on sql 'SELECT * FROM sentiment WHERE tweet LIKE %olympic% ORDER BY unix DESC LIMIT 1000': near "%": syntax error
Execution failed on sql 'SELECT * FROM sentiment WHERE tweet LIKE %olympic% ORDER BY unix DESC LIMIT 1000': near "%": syntax error
Execution failed on sql 'SELECT * FROM sentiment WHERE tweet LIKE %olympic% ORDER BY unix DESC LIMIT 1000': near "%": syntax error
Execution failed on sql 'SELECT * FROM sentiment WHERE tweet LIKE %olympic% ORDER BY unix DESC LIMIT 1000': near "%": syntax error
Execution failed on sql 'SELECT * FROM sentiment WHERE tweet LIKE %olympic% ORDER BY unix DESC LIMIT 1000': near "%": syntax error
Execution failed on sql 'SELECT * FROM sentiment WHERE tweet LIKE %olympic% ORDER BY unix DESC LIMIT 1000': near "%": syntax error
Execution failed on sql 'SELECT * FROM sentiment WHERE tweet LIKE %olympic% ORDER BY unix DESC LIMIT 1000': near "%": syntax error
Execution failed on sql 'SELECT * FROM sentiment WHERE tweet LIKE %olympic% ORDER BY unix DESC LIMIT 1000': near "%": syntax error
Execution failed on sql 'SELECT * FROM sentiment WHERE tweet LIKE %olympic% ORDER BY unix DESC LIMIT 1000': near "%": syntax error
Execution failed on sql 'SELECT * FROM sentiment WHERE tweet LIKE %olympic% ORDER BY unix DESC LIMIT 1000': near "%": syntax error
Execution failed on sql 'SELECT * FROM sentiment WHERE tweet LIKE %olympic% ORDER BY unix DESC LIMIT 1000': near "%": syntax error
Execution failed on sql 'SELECT * FROM sentiment WHERE tweet LIKE %olympic% ORDER BY unix DESC LIMIT 1000': near "%": syntax error
Execution failed on sql 'SELECT * FROM sentiment WHERE tweet LIKE %olympic% ORDER BY unix DESC LIMIT 1000': near "%": syntax error
Execution failed on sql 'SELECT * FROM sentiment WHERE tweet LIKE %olympic% ORDER BY unix DESC LIMIT 1000': near "%": syntax error
Execution failed on sql 'SELECT * FROM sentiment WHERE tweet LIKE %olympic% ORDER BY unix DESC LIMIT 1000': near "%": syntax error
Execution failed on sql 'SELECT * FROM sentiment WHERE tweet LIKE %olympic% ORDER BY unix DESC LIMIT 1000': near "%": syntax error
Execution failed on sql 'SELECT * FROM sentiment WHERE tweet LIKE %olympic% ORDER BY unix DESC LIMIT 1000': near "%": syntax error
Execution failed on sql 'SELECT * FROM sentiment WHERE tweet LIKE %olympic% ORDER BY unix DESC LIMIT 1000': near "%": syntax error
Execution failed on sql 'SELECT * FROM sentiment WHERE tweet LIKE %olympic% ORDER BY unix DESC LIMIT 1000': near "%": syntax error
Execution failed on sql 'SELECT * FROM sentiment WHERE tweet LIKE %olympic% ORDER BY unix DESC LIMIT 1000': near "%": syntax error
Execution failed on sql 'SELECT * FROM sentiment WHERE tweet LIKE %olympic% ORDER BY unix DESC LIMIT 1000': near "%": syntax error
Execution failed on sql 'SELECT * FROM sentiment WHERE tweet LIKE %olympic% ORDER BY unix DESC LIMIT 1000': near "%": syntax error
Execution failed on sql 'SELECT * FROM sentiment WHERE tweet LIKE %olympic% ORDER BY unix DESC LIMIT 1000': near "%": syntax error
Execution failed on sql 'SELECT * FROM sentiment WHERE tweet LIKE %olympic% ORDER BY unix DESC LIMIT 1000': near "%": syntax error
Execution failed on sql 'SELECT * FROM sentiment WHERE tweet LIKE %olympic% ORDER BY unix DESC LIMIT 1000': near "%": syntax error
Execution failed on sql 'SELECT * FROM sentiment WHERE tweet LIKE %olympic% ORDER BY unix DESC LIMIT 1000': near "%": syntax error
Execution failed on sql 'SELECT * FROM sentiment WHERE tweet LIKE %olympic% ORDER BY unix DESC LIMIT 1000': near "%": syntax error
Execution failed on sql 'SELECT * FROM sentiment WHERE tweet LIKE %olympic% ORDER BY unix DESC LIMIT 1000': near "%": syntax error
Execution failed on sql 'SELECT * FROM sentiment WHERE tweet LIKE %olympic% ORDER BY unix DESC LIMIT 1000': near "%": syntax error
Execution failed on sql 'SELECT * FROM sentiment WHERE tweet LIKE %olympic% ORDER BY unix DESC LIMIT 1000': near "%": syntax error
Execution failed on sql 'SELECT * FROM sentiment WHERE tweet LIKE %olympic% ORDER BY unix DESC LIMIT 1000': near "%": syntax error
Execution failed on sql 'SELECT * FROM sentiment WHERE tweet LIKE %olympic% ORDER BY unix DESC LIMIT 1000': near "%": syntax error
Execution failed on sql 'SELECT * FROM sentiment WHERE tweet LIKE %olympic% ORDER BY unix DESC LIMIT 1000': near "%": syntax error
Execution failed on sql 'SELECT * FROM sentiment WHERE tweet LIKE %olympic% ORDER BY unix DESC LIMIT 1000': near "%": syntax error
Execution failed on sql 'SELECT * FROM sentiment WHERE tweet LIKE %olympic% ORDER BY unix DESC LIMIT 1000': near "%": syntax error
Execution failed on sql 'SELECT * FROM sentiment WHERE tweet LIKE %olympic% ORDER BY unix DESC LIMIT 1000': near "%": syntax error
Execution failed on sql 'SELECT * FROM sentiment WHERE tweet LIKE %olympic% ORDER BY unix DESC LIMIT 1000': near "%": syntax error
Execution failed on sql 'SELECT * FROM sentiment WHERE tweet LIKE %olympic% ORDER BY unix DESC LIMIT 1000': near "%": syntax error
Execution failed on sql 'SELECT * FROM sentiment WHERE tweet LIKE %olympic% ORDER BY unix DESC LIMIT 1000': near "%": syntax error
Execution failed on sql 'SELECT * FROM sentiment WHERE tweet LIKE %olympic% ORDER BY unix DESC LIMIT 1000': near "%": syntax error
Execution failed on sql 'SELECT * FROM sentiment WHERE tweet LIKE %olympic% ORDER BY unix DESC LIMIT 1000': near "%": syntax error
Execution failed on sql 'SELECT * FROM sentiment WHERE tweet LIKE %olympic% ORDER BY unix DESC LIMIT 1000': near "%": syntax error
Execution failed on sql 'SELECT * FROM sentiment WHERE tweet LIKE %olympic% ORDER BY unix DESC LIMIT 1000': near "%": syntax error
Execution failed on sql 'SELECT * FROM sentiment WHERE tweet LIKE %olympic% ORDER BY unix DESC LIMIT 1000': near "%": syntax error
Execution failed on sql 'SELECT * FROM sentiment WHERE tweet LIKE %olympic% ORDER BY unix DESC LIMIT 1000': near "%": syntax error
Execution failed on sql 'SELECT * FROM sentiment WHERE tweet LIKE %olympic% ORDER BY unix DESC LIMIT 1000': near "%": syntax error
Execution failed on sql 'SELECT * FROM sentiment WHERE tweet LIKE %olympic% ORDER BY unix DESC LIMIT 1000': near "%": syntax error
